<?xml version="1.0" encoding="UTF-8"?>
<blame>
svn: warning: W155010: The node 'C:\work\emias\src\trunk_sonar\development\web-recorder-workspace\src\main\java\ru\lanit\emias\controller\lis\bm\new.txt' was not found.
</blame>