<?xml version="1.0" encoding="UTF-8"?>
<blame>
<target
   path="zxdzc.txt">
</target>
</blame>
